==============================================================================
testDemo4 :: To validate the login form                                       
==============================================================================
Special Characters                                                    | PASS |
------------------------------------------------------------------------------
testDemo4 :: To validate the login form                               | PASS |
1 test, 1 passed, 0 failed
==============================================================================
Output:  C:\Users\rajiv\PycharmProjects\RobotFramework\pythonProject\tests\pabot_results\2\output.xml
